<html>
<body>
<pre>
<h1>µVision Build Log</h1>
<h2>Tool Versions:</h2>
IDE-Version: µVision V5.21.1.0
Copyright (C) 2016 ARM Ltd and ARM Germany GmbH. All rights reserved.
License Information: c t, cc, LIC=I2BVF-6CJ42-7HAQU-5UJ6A-YXSRG-4NU7E
 
Tool Versions:
Toolchain:       MDK-ARM Cortex-M0/M0+ 256K for ST  Version: 5.21a
Toolchain Path:  C:\Keil_v5\ARM\ARMCC\Bin
C Compiler:      Armcc.exe V5.06 update 3 (build 300)
Assembler:       Armasm.exe V5.06 update 3 (build 300)
Linker/Locator:  ArmLink.exe V5.06 update 3 (build 300)
Library Manager: ArmAr.exe V5.06 update 3 (build 300)
Hex Converter:   FromElf.exe V5.06 update 3 (build 300)
CPU DLL:         SARMCM3.DLL V5.21a
Dialog DLL:      DARMCM1.DLL V1.14.0.0
Target DLL:      STLink\ST-LINKIII-KEIL_SWO.dll V2.0.18.0
Dialog DLL:      TARMCM1.DLL V1.10.0.0
 
<h2>Project:</h2>
D:\Github\CileGomuluSistemEgitimi\Proje1 - Blinky\MDK-ARM\Project.uvprojx
Project File Date:  03/16/2018

<h2>Output:</h2>
*** Using Compiler 'V5.06 update 3 (build 300)', folder: 'C:\Keil_v5\ARM\ARMCC\Bin'
Build target 'STM32F070RB-Nucleo'
assembling startup_stm32f070xb.s...
compiling main.c...
compiling stm32f0xx_hal_msp.c...
compiling stm32f0xx_it.c...
compiling stm32f0xx_hal.c...
compiling system_stm32f0xx.c...
compiling stm32f0xx_nucleo.c...
compiling stm32f0xx_hal_adc.c...
compiling stm32f0xx_hal_adc_ex.c...
compiling stm32f0xx_hal_cec.c...
compiling stm32f0xx_hal_can.c...
compiling stm32f0xx_hal_comp.c...
compiling stm32f0xx_hal_cortex.c...
compiling stm32f0xx_hal_crc.c...
compiling stm32f0xx_hal_crc_ex.c...
compiling stm32f0xx_hal_flash_ex.c...
compiling stm32f0xx_hal_dac_ex.c...
compiling stm32f0xx_hal_dma.c...
compiling stm32f0xx_hal_dac.c...
compiling stm32f0xx_hal_gpio.c...
compiling stm32f0xx_hal_flash.c...
compiling stm32f0xx_hal_i2c.c...
compiling stm32f0xx_hal_iwdg.c...
compiling stm32f0xx_hal_irda.c...
compiling stm32f0xx_hal_i2c_ex.c...
compiling stm32f0xx_hal_i2s.c...
compiling stm32f0xx_hal_pcd_ex.c...
compiling stm32f0xx_hal_pwr.c...
compiling stm32f0xx_hal_pcd.c...
compiling stm32f0xx_hal_rcc_ex.c...
compiling stm32f0xx_hal_pwr_ex.c...
compiling stm32f0xx_hal_rtc.c...
compiling stm32f0xx_hal_rcc.c...
compiling stm32f0xx_hal_rtc_ex.c...
compiling stm32f0xx_hal_smartcard.c...
compiling stm32f0xx_hal_smartcard_ex.c...
compiling stm32f0xx_hal_smbus.c...
compiling stm32f0xx_hal_tsc.c...
compiling stm32f0xx_hal_spi_ex.c...
compiling stm32f0xx_hal_spi.c...
compiling stm32f0xx_hal_uart.c...
compiling stm32f0xx_hal_tim_ex.c...
compiling stm32f0xx_ll_adc.c...
compiling stm32f0xx_hal_tim.c...
compiling stm32f0xx_ll_crs.c...
compiling stm32f0xx_ll_comp.c...
compiling stm32f0xx_ll_crc.c...
compiling stm32f0xx_ll_dma.c...
compiling stm32f0xx_ll_exti.c...
compiling stm32f0xx_ll_gpio.c...
compiling stm32f0xx_ll_dac.c...
compiling stm32f0xx_hal_uart_ex.c...
compiling stm32f0xx_hal_wwdg.c...
compiling stm32f0xx_ll_rtc.c...
compiling stm32f0xx_ll_rcc.c...
compiling stm32f0xx_ll_i2c.c...
compiling stm32f0xx_ll_pwr.c...
compiling stm32f0xx_ll_tim.c...
compiling stm32f0xx_ll_spi.c...
compiling stm32f0xx_ll_usart.c...
compiling stm32f0xx_hal_usart.c...
compiling stm32f0xx_ll_utils.c...
linking...
Program Size: Code=2334 RO-data=246 RW-data=20 ZI-data=1028  
"STM32F070RB-Nucleo\STM32F070RB-Nucleo.axf" - 0 Error(s), 0 Warning(s).

<h2>Software Packages used:</h2>

Package Vendor: ARM
                http://www.keil.com/pack/ARM.CMSIS.5.0.0-Beta12.pack
                ARM::CMSIS:CORE:5.0.0
                CMSIS (Cortex Microcontroller Software Interface Standard)
   * Component: CORE Version: 5.0.0

<h2>Collection of Component include folders:</h2>
  D:\Github\CileGomuluSistemEgitimi\Proje1 - Blinky\MDK-ARM\RTE
  C:\Keil_v5\ARM\PACK\ARM\CMSIS\5.0.0-Beta12\CMSIS\Include
  C:\Keil_v5\ARM\PACK\Keil\STM32F0xx_DFP\2.0.0\Drivers\CMSIS\Device\ST\STM32F0xx\Include

<h2>Collection of Component Files used:</h2>

   * Component: ARM::CMSIS:CORE:5.0.0
Build Time Elapsed:  00:00:20
</pre>
</body>
</html>
